// Jest Snapshot v1, https://goo.gl/fbAQLP

exports[`Navbar renders Navbar component 1`] = `
Object {
  "asFragment": [Function],
  "baseElement": <body>
    <div>
      <nav>
        <h2>
          2022
        </h2>
        <h2
          class="continent"
        >
          Continent
        </h2>
        <svg
          fill="currentColor"
          height="24"
          viewBox="0 0 24 24"
          width="24"
          xmlns="http://www.w3.org/2000/svg"
        >
          <path
            d="M19.9,12.66a1,1,0,0,1,0-1.32L21.18,9.9a1,1,0,0,0,.12-1.17l-2-3.46a1,1,0,0,0-1.07-.48l-1.88.38a1,1,0,0,1-1.15-.66l-.61-1.83A1,1,0,0,0,13.64,2h-4a1,1,0,0,0-1,.68L8.08,4.51a1,1,0,0,1-1.15.66L5,4.79A1,1,0,0,0,4,5.27L2,8.73A1,1,0,0,0,2.1,9.9l1.27,1.44a1,1,0,0,1,0,1.32L2.1,14.1A1,1,0,0,0,2,15.27l2,3.46a1,1,0,0,0,1.07.48l1.88-.38a1,1,0,0,1,1.15.66l.61,1.83a1,1,0,0,0,1,.68h4a1,1,0,0,0,.95-.68l.61-1.83a1,1,0,0,1,1.15-.66l1.88.38a1,1,0,0,0,1.07-.48l2-3.46a1,1,0,0,0-.12-1.17ZM18.41,14l.8.9-1.28,2.22-1.18-.24a3,3,0,0,0-3.45,2L12.92,20H10.36L10,18.86a3,3,0,0,0-3.45-2l-1.18.24L4.07,14.89l.8-.9a3,3,0,0,0,0-4l-.8-.9L5.35,6.89l1.18.24a3,3,0,0,0,3.45-2L10.36,4h2.56l.38,1.14a3,3,0,0,0,3.45,2l1.18-.24,1.28,2.22-.8.9A3,3,0,0,0,18.41,14ZM11.64,8a4,4,0,1,0,4,4A4,4,0,0,0,11.64,8Zm0,6a2,2,0,1,1,2-2A2,2,0,0,1,11.64,14Z"
          />
        </svg>
      </nav>
    </div>
  </body>,
  "container": <div>
    <nav>
      <h2>
        2022
      </h2>
      <h2
        class="continent"
      >
        Continent
      </h2>
      <svg
        fill="currentColor"
        height="24"
        viewBox="0 0 24 24"
        width="24"
        xmlns="http://www.w3.org/2000/svg"
      >
        <path
          d="M19.9,12.66a1,1,0,0,1,0-1.32L21.18,9.9a1,1,0,0,0,.12-1.17l-2-3.46a1,1,0,0,0-1.07-.48l-1.88.38a1,1,0,0,1-1.15-.66l-.61-1.83A1,1,0,0,0,13.64,2h-4a1,1,0,0,0-1,.68L8.08,4.51a1,1,0,0,1-1.15.66L5,4.79A1,1,0,0,0,4,5.27L2,8.73A1,1,0,0,0,2.1,9.9l1.27,1.44a1,1,0,0,1,0,1.32L2.1,14.1A1,1,0,0,0,2,15.27l2,3.46a1,1,0,0,0,1.07.48l1.88-.38a1,1,0,0,1,1.15.66l.61,1.83a1,1,0,0,0,1,.68h4a1,1,0,0,0,.95-.68l.61-1.83a1,1,0,0,1,1.15-.66l1.88.38a1,1,0,0,0,1.07-.48l2-3.46a1,1,0,0,0-.12-1.17ZM18.41,14l.8.9-1.28,2.22-1.18-.24a3,3,0,0,0-3.45,2L12.92,20H10.36L10,18.86a3,3,0,0,0-3.45-2l-1.18.24L4.07,14.89l.8-.9a3,3,0,0,0,0-4l-.8-.9L5.35,6.89l1.18.24a3,3,0,0,0,3.45-2L10.36,4h2.56l.38,1.14a3,3,0,0,0,3.45,2l1.18-.24,1.28,2.22-.8.9A3,3,0,0,0,18.41,14ZM11.64,8a4,4,0,1,0,4,4A4,4,0,0,0,11.64,8Zm0,6a2,2,0,1,1,2-2A2,2,0,0,1,11.64,14Z"
        />
      </svg>
    </nav>
  </div>,
  "debug": [Function],
  "findAllByAltText": [Function],
  "findAllByDisplayValue": [Function],
  "findAllByLabelText": [Function],
  "findAllByPlaceholderText": [Function],
  "findAllByRole": [Function],
  "findAllByTestId": [Function],
  "findAllByText": [Function],
  "findAllByTitle": [Function],
  "findByAltText": [Function],
  "findByDisplayValue": [Function],
  "findByLabelText": [Function],
  "findByPlaceholderText": [Function],
  "findByRole": [Function],
  "findByTestId": [Function],
  "findByText": [Function],
  "findByTitle": [Function],
  "getAllByAltText": [Function],
  "getAllByDisplayValue": [Function],
  "getAllByLabelText": [Function],
  "getAllByPlaceholderText": [Function],
  "getAllByRole": [Function],
  "getAllByTestId": [Function],
  "getAllByText": [Function],
  "getAllByTitle": [Function],
  "getByAltText": [Function],
  "getByDisplayValue": [Function],
  "getByLabelText": [Function],
  "getByPlaceholderText": [Function],
  "getByRole": [Function],
  "getByTestId": [Function],
  "getByText": [Function],
  "getByTitle": [Function],
  "queryAllByAltText": [Function],
  "queryAllByDisplayValue": [Function],
  "queryAllByLabelText": [Function],
  "queryAllByPlaceholderText": [Function],
  "queryAllByRole": [Function],
  "queryAllByTestId": [Function],
  "queryAllByText": [Function],
  "queryAllByTitle": [Function],
  "queryByAltText": [Function],
  "queryByDisplayValue": [Function],
  "queryByLabelText": [Function],
  "queryByPlaceholderText": [Function],
  "queryByRole": [Function],
  "queryByTestId": [Function],
  "queryByText": [Function],
  "queryByTitle": [Function],
  "rerender": [Function],
  "unmount": [Function],
}
`;
